// Jest Snapshot v1, https://goo.gl/fbAQLP

exports[`Create Merchant UI Component Render component toMatchSnapshot() 1`] = `
<DocumentFragment>
  <div
    class="ant-row ant-row-space-between Merchants css-dev-only-do-not-override-qgg3xn"
    data-testid="merchants-component"
  >
    <div
      class="ant-row Merchants__search-pagination-block css-dev-only-do-not-override-qgg3xn"
    >
      <div>
        <form
          class="ant-form ant-form-horizontal css-dev-only-do-not-override-qgg3xn"
        >
          <div
            class="ant-form-item undefined custom-label css-dev-only-do-not-override-qgg3xn"
            style="width: 300px;"
          >
            <div
              class="ant-row ant-form-item-row css-dev-only-do-not-override-qgg3xn"
            >
              <div
                class="ant-col ant-form-item-control css-dev-only-do-not-override-qgg3xn"
              >
                <div
                  class="ant-form-item-control-input"
                >
                  <div
                    class="ant-form-item-control-input-content"
                  >
                    <span
                      class="ant-input-affix-wrapper css-dev-only-do-not-override-qgg3xn"
                    >
                      <span
                        class="ant-input-prefix"
                      >
                        <img
                          alt="search"
                          src="[object Object]"
                        />
                      </span>
                      <input
                        class="ant-input css-dev-only-do-not-override-qgg3xn"
                        placeholder="merchants.search_among_merchants"
                        type="text"
                        value=""
                      />
                    </span>
                  </div>
                </div>
              </div>
            </div>
          </div>
        </form>
      </div>
    </div>
    <div
      class="ant-row Merchants__table-block css-dev-only-do-not-override-qgg3xn"
    >
      <a
        class="Merchants__add-block"
        href="/merchants/create-merchant"
      >
        <button
          class="ant-btn css-dev-only-do-not-override-qgg3xn ant-btn-primary Merchants__button-style"
          type="button"
        >
          <span
            class="ant-btn-icon"
          >
            <img
              alt="add"
              src="[object Object]"
            />
          </span>
          <span>
            merchants.add_merchant
          </span>
        </button>
      </a>
      <div
        class="TableComponent"
      >
        <div
          class="ant-table-wrapper css-dev-only-do-not-override-qgg3xn"
        >
          <div
            class="ant-spin-nested-loading css-dev-only-do-not-override-qgg3xn"
          >
            <div
              class="ant-spin-container"
            >
              <div
                class="ant-table ant-table-empty ant-table-scroll-horizontal"
              >
                <div
                  class="ant-table-container"
                >
                  <div
                    class="ant-table-content"
                    style="overflow-x: auto; overflow-y: hidden;"
                  >
                    <table
                      style="width: 950px; min-width: 100%; table-layout: auto;"
                    >
                      <colgroup>
                        <col
                          class="ant-table-selection-col"
                        />
                        <col
                          style="width: 10px;"
                        />
                      </colgroup>
                      <thead
                        class="ant-table-thead"
                      >
                        <tr>
                          <th
                            class="ant-table-cell ant-table-selection-column"
                            scope="col"
                          >
                            <div
                              class="ant-table-selection"
                            >
                              <label
                                class="ant-checkbox-wrapper ant-checkbox-wrapper-disabled css-dev-only-do-not-override-qgg3xn"
                              >
                                <span
                                  class="ant-checkbox ant-wave-target css-dev-only-do-not-override-qgg3xn ant-checkbox-disabled"
                                >
                                  <input
                                    aria-label="Select all"
                                    class="ant-checkbox-input"
                                    disabled=""
                                    type="checkbox"
                                  />
                                  <span
                                    class="ant-checkbox-inner"
                                  />
                                </span>
                              </label>
                            </div>
                          </th>
                          <th
                            class="ant-table-cell"
                            scope="col"
                          >
                            ID
                          </th>
                          <th
                            class="ant-table-cell"
                            scope="col"
                          >
                            merchants.name
                          </th>
                          <th
                            class="ant-table-cell"
                            scope="col"
                          >
                            merchants.agreement_number
                          </th>
                          <th
                            class="ant-table-cell"
                            scope="col"
                          >
                            %
                          </th>
                          <th
                            class="ant-table-cell"
                            scope="col"
                          >
                            merchants.contacts
                          </th>
                          <th
                            class="ant-table-cell"
                            scope="col"
                          >
                            merchants.location
                          </th>
                          <th
                            class="ant-table-cell"
                            scope="col"
                          >
                            merchants.legal_name
                          </th>
                          <th
                            class="ant-table-cell"
                            scope="col"
                          >
                            merchants.status
                          </th>
                          <th
                            class="ant-table-cell"
                            scope="col"
                          >
                            merchants.number_of_stations
                          </th>
                          <th
                            class="ant-table-cell"
                            scope="col"
                          >
                            <img
                              alt="active"
                              src="[object Object]"
                            />
                          </th>
                          <th
                            class="ant-table-cell"
                            scope="col"
                          >
                            <img
                              alt="x"
                              src="[object Object]"
                            />
                          </th>
                          <th
                            class="ant-table-cell"
                            scope="col"
                          >
                            merchants.action
                          </th>
                        </tr>
                      </thead>
                      <tbody
                        class="ant-table-tbody"
                      >
                        <tr
                          aria-hidden="true"
                          class="ant-table-measure-row"
                          style="height: 0px; font-size: 0px;"
                        >
                          <td
                            style="padding: 0px; border: 0px; height: 0px;"
                          >
                            <div
                              style="height: 0px; overflow: hidden;"
                            >
                               
                            </div>
                          </td>
                          <td
                            style="padding: 0px; border: 0px; height: 0px;"
                          >
                            <div
                              style="height: 0px; overflow: hidden;"
                            >
                               
                            </div>
                          </td>
                          <td
                            style="padding: 0px; border: 0px; height: 0px;"
                          >
                            <div
                              style="height: 0px; overflow: hidden;"
                            >
                               
                            </div>
                          </td>
                          <td
                            style="padding: 0px; border: 0px; height: 0px;"
                          >
                            <div
                              style="height: 0px; overflow: hidden;"
                            >
                               
                            </div>
                          </td>
                          <td
                            style="padding: 0px; border: 0px; height: 0px;"
                          >
                            <div
                              style="height: 0px; overflow: hidden;"
                            >
                               
                            </div>
                          </td>
                          <td
                            style="padding: 0px; border: 0px; height: 0px;"
                          >
                            <div
                              style="height: 0px; overflow: hidden;"
                            >
                               
                            </div>
                          </td>
                          <td
                            style="padding: 0px; border: 0px; height: 0px;"
                          >
                            <div
                              style="height: 0px; overflow: hidden;"
                            >
                               
                            </div>
                          </td>
                          <td
                            style="padding: 0px; border: 0px; height: 0px;"
                          >
                            <div
                              style="height: 0px; overflow: hidden;"
                            >
                               
                            </div>
                          </td>
                          <td
                            style="padding: 0px; border: 0px; height: 0px;"
                          >
                            <div
                              style="height: 0px; overflow: hidden;"
                            >
                               
                            </div>
                          </td>
                          <td
                            style="padding: 0px; border: 0px; height: 0px;"
                          >
                            <div
                              style="height: 0px; overflow: hidden;"
                            >
                               
                            </div>
                          </td>
                          <td
                            style="padding: 0px; border: 0px; height: 0px;"
                          >
                            <div
                              style="height: 0px; overflow: hidden;"
                            >
                               
                            </div>
                          </td>
                          <td
                            style="padding: 0px; border: 0px; height: 0px;"
                          >
                            <div
                              style="height: 0px; overflow: hidden;"
                            >
                               
                            </div>
                          </td>
                          <td
                            style="padding: 0px; border: 0px; height: 0px;"
                          >
                            <div
                              style="height: 0px; overflow: hidden;"
                            >
                               
                            </div>
                          </td>
                        </tr>
                        <tr
                          class="ant-table-placeholder"
                        >
                          <td
                            class="ant-table-cell"
                            colspan="13"
                          >
                            <div
                              class="css-dev-only-do-not-override-qgg3xn ant-empty"
                            >
                              <div
                                class="ant-empty-image"
                                style="height: 300px;"
                              >
                                <img
                                  alt="notFoundImages"
                                  src="[object Object]"
                                />
                              </div>
                              <div
                                class="ant-empty-description"
                              >
                                <h2>
                                  Данные отсутствуют
                                </h2>
                              </div>
                            </div>
                          </td>
                        </tr>
                      </tbody>
                    </table>
                  </div>
                </div>
              </div>
            </div>
          </div>
        </div>
        <div
          class="PaginationComponent"
        >
          <div
            style="display: inline-flex; align-items: center;"
          >
            <p
              class="PaginationComponent__title"
            >
              table.show
            </p>
             
            <div
              class="ant-form-item undefined custom-label css-dev-only-do-not-override-qgg3xn"
            >
              <div
                class="ant-row ant-form-item-row css-dev-only-do-not-override-qgg3xn"
              >
                <div
                  class="ant-col ant-form-item-control css-dev-only-do-not-override-qgg3xn"
                >
                  <div
                    class="ant-form-item-control-input"
                  >
                    <div
                      class="ant-form-item-control-input-content"
                    >
                      <div
                        class="ant-select ant-select-in-form-item css-dev-only-do-not-override-qgg3xn ant-select-single ant-select-show-arrow"
                        style="width: 65px;"
                      >
                        <div
                          class="ant-select-selector"
                        >
                          <span
                            class="ant-select-selection-search"
                          >
                            <input
                              aria-autocomplete="list"
                              aria-controls="rc_select_TEST_OR_SSR_list"
                              aria-expanded="false"
                              aria-haspopup="listbox"
                              aria-owns="rc_select_TEST_OR_SSR_list"
                              autocomplete="off"
                              class="ant-select-selection-search-input"
                              id="rc_select_TEST_OR_SSR"
                              readonly=""
                              role="combobox"
                              style="opacity: 0;"
                              type="search"
                              unselectable="on"
                              value=""
                            />
                          </span>
                          <span
                            class="ant-select-selection-item"
                            title="10"
                          >
                            10
                          </span>
                        </div>
                        <span
                          aria-hidden="true"
                          class="ant-select-arrow"
                          style="user-select: none;"
                          unselectable="on"
                        >
                          <span
                            aria-label="down"
                            class="anticon anticon-down ant-select-suffix"
                            role="img"
                          >
                            <svg
                              aria-hidden="true"
                              data-icon="down"
                              fill="currentColor"
                              focusable="false"
                              height="1em"
                              viewBox="64 64 896 896"
                              width="1em"
                            >
                              <path
                                d="M884 256h-75c-5.1 0-9.9 2.5-12.9 6.6L512 654.2 227.9 262.6c-3-4.1-7.8-6.6-12.9-6.6h-75c-6.5 0-10.3 7.4-6.5 12.7l352.6 486.1c12.8 17.6 39 17.6 51.7 0l352.6-486.1c3.9-5.3.1-12.7-6.4-12.7z"
                              />
                            </svg>
                          </span>
                        </span>
                      </div>
                    </div>
                  </div>
                </div>
              </div>
            </div>
          </div>
          <div
            class="PaginationComponent__num-block"
          >
            <p
              class="PaginationComponent__title"
            >
              table.page
            </p>
            <form
              class="ant-form ant-form-horizontal css-dev-only-do-not-override-qgg3xn"
            >
              <div
                class="ant-form-item undefined custom-label css-dev-only-do-not-override-qgg3xn"
              >
                <div
                  class="ant-row ant-form-item-row css-dev-only-do-not-override-qgg3xn"
                >
                  <div
                    class="ant-col ant-form-item-control css-dev-only-do-not-override-qgg3xn"
                  >
                    <div
                      class="ant-form-item-control-input"
                    >
                      <div
                        class="ant-form-item-control-input-content"
                      >
                        <input
                          class="ant-input css-dev-only-do-not-override-qgg3xn PaginationComponent__input-style"
                          id="size"
                          name="size"
                          type="text"
                          value="1"
                        />
                      </div>
                    </div>
                  </div>
                </div>
              </div>
            </form>
            <p
              class="PaginationComponent__title"
            >
              table.from 0
            </p>
          </div>
          <div>
            <button
              class="ant-btn css-dev-only-do-not-override-qgg3xn ant-btn-primary ant-btn-icon-only"
              disabled=""
              style="margin-right: 8px;"
              type="button"
            >
              <span
                class="ant-btn-icon"
              >
                <img
                  alt="chevronLeft"
                  src="[object Object]"
                />
              </span>
            </button>
            <button
              class="ant-btn css-dev-only-do-not-override-qgg3xn ant-btn-primary ant-btn-icon-only"
              disabled=""
              type="button"
            >
              <span
                class="ant-btn-icon"
              >
                <img
                  alt="chevronRight"
                  src="[object Object]"
                />
              </span>
            </button>
          </div>
        </div>
      </div>
    </div>
  </div>
</DocumentFragment>
`;
