// Jest Snapshot v1, https://goo.gl/fbAQLP

exports[`tests for Auth components Render component toMatchSnapshot() 1`] = `
<DocumentFragment>
  <div>
    Mocked Auth
  </div>
</DocumentFragment>
`;
